1750943955339	geckodriver	INFO	Listening on 127.0.0.1:54913
1750943955354	mozrunner::runner	INFO	Running command: MOZ_CRASHREPORTER="1" MOZ_CRASHREPORTER_NO_REPORT="1" MOZ_CRASHREPORTER_SHUTDOWN="1" "/usr/bin/firefox" "--m ... ss" "--remote-debugging-port" "36013" "--remote-allow-hosts" "localhost" "-no-remote" "-profile" "/tmp/rust_mozprofile58kbq3"
*** You are running in headless mode.
console.warn: services.settings: Ignoring preference override of remote settings server
console.warn: services.settings: Allow by setting MOZ_REMOTE_SETTINGS_DEVTOOLS=1 in the environment
[GFX1-]: glxtest: Unable to open a connection to the X server
[GFX1-]: No GPUs detected via PCI

1750943956522	Marionette	INFO	Marionette enabled
1750943957019	Marionette	INFO	Listening on port 36635
WebDriver BiDi listening on ws://127.0.0.1:36013
Read port: 36635
1750943957379	RemoteAgent	WARN	TLS certificate errors will be ignored for this session
[GFX1-]: RenderCompositorSWGL failed mapping default framebuffer, no dt
console.error: CustomizableUI: 
  Could not localize property 'fxms-bmb-button.tooltiptext'.
JavaScript warning: https://static.cdninstagram.com/rsrc.php/v4i1Au4/yo/l/en_US/w7dL-qOYBje.js, line 43: Failed to create WebGL context: WebGL creation failed: 
* WebglAllowWindowsNativeGl:false restricts context creation on this system. ()
* Exhausted GL driver options. (FEATURE_FAILURE_WEBGL_EXHAUSTED_DRIVERS)
JavaScript warning: https://static.cdninstagram.com/rsrc.php/v4i1Au4/yo/l/en_US/w7dL-qOYBje.js, line 43: Failed to create WebGL context: WebGL creation failed: 
* WebglAllowWindowsNativeGl:false restricts context creation on this system. ()
* Exhausted GL driver options. (FEATURE_FAILURE_WEBGL_EXHAUSTED_DRIVERS)
JavaScript warning: https://static.cdninstagram.com/rsrc.php/v4i1Au4/yo/l/en_US/w7dL-qOYBje.js, line 86: Failed to create WebGL context: WebGL creation failed: 
* WebglAllowWindowsNativeGl:false restricts context creation on this system. ()
* Exhausted GL driver options. (FEATURE_FAILURE_WEBGL_EXHAUSTED_DRIVERS)
JavaScript warning: https://static.cdninstagram.com/rsrc.php/v4i1Au4/yo/l/en_US/w7dL-qOYBje.js, line 86: Failed to create WebGL context: WebGL creation failed: 
* WebglAllowWindowsNativeGl:false restricts context creation on this system. ()
* Exhausted GL driver options. (FEATURE_FAILURE_WEBGL_EXHAUSTED_DRIVERS)
JavaScript error: resource:///modules/backup/BackupService.sys.mjs, line 108: NS_ERROR_FAILURE: Component returned failure code: 0x80004005 (NS_ERROR_FAILURE) [nsIProperties.get]
console.warn: LoginRecipes: "Falling back to a synchronous message for: https://www.instagram.com."
JavaScript warning: https://static.cdninstagram.com/rsrc.php/v4i1Au4/yj/l/en_US-j/w7dL-qOYBje.js, line 86: Failed to create WebGL context: WebGL creation failed: 
* WebglAllowWindowsNativeGl:false restricts context creation on this system. ()
* Exhausted GL driver options. (FEATURE_FAILURE_WEBGL_EXHAUSTED_DRIVERS)
JavaScript warning: https://static.cdninstagram.com/rsrc.php/v4i1Au4/yj/l/en_US-j/w7dL-qOYBje.js, line 86: Failed to create WebGL context: WebGL creation failed: 
* WebglAllowWindowsNativeGl:false restricts context creation on this system. ()
* Exhausted GL driver options. (FEATURE_FAILURE_WEBGL_EXHAUSTED_DRIVERS)
1750944075845	geckodriver	INFO	Listening on 127.0.0.1:40607
1750944075857	mozrunner::runner	INFO	Running command: MOZ_CRASHREPORTER="1" MOZ_CRASHREPORTER_NO_REPORT="1" MOZ_CRASHREPORTER_SHUTDOWN="1" "/usr/bin/firefox" "--m ... ss" "--remote-debugging-port" "45375" "--remote-allow-hosts" "localhost" "-no-remote" "-profile" "/tmp/rust_mozprofilelPFtGW"
*** You are running in headless mode.
console.warn: services.settings: Ignoring preference override of remote settings server
console.warn: services.settings: Allow by setting MOZ_REMOTE_SETTINGS_DEVTOOLS=1 in the environment
[GFX1-]: glxtest: Unable to open a connection to the X server
[GFX1-]: No GPUs detected via PCI

1750944076992	Marionette	INFO	Marionette enabled
1750944077514	Marionette	INFO	Listening on port 45325
WebDriver BiDi listening on ws://127.0.0.1:45375
Read port: 45325
1750944077796	RemoteAgent	WARN	TLS certificate errors will be ignored for this session
[GFX1-]: RenderCompositorSWGL failed mapping default framebuffer, no dt
console.error: CustomizableUI: 
  Could not localize property 'fxms-bmb-button.tooltiptext'.
JavaScript warning: https://static.cdninstagram.com/rsrc.php/v4i1Au4/yo/l/en_US/w7dL-qOYBje.js, line 43: Failed to create WebGL context: WebGL creation failed: 
* WebglAllowWindowsNativeGl:false restricts context creation on this system. ()
* Exhausted GL driver options. (FEATURE_FAILURE_WEBGL_EXHAUSTED_DRIVERS)
JavaScript warning: https://static.cdninstagram.com/rsrc.php/v4i1Au4/yo/l/en_US/w7dL-qOYBje.js, line 43: Failed to create WebGL context: WebGL creation failed: 
* WebglAllowWindowsNativeGl:false restricts context creation on this system. ()
* Exhausted GL driver options. (FEATURE_FAILURE_WEBGL_EXHAUSTED_DRIVERS)
JavaScript warning: https://static.cdninstagram.com/rsrc.php/v4i1Au4/yo/l/en_US/w7dL-qOYBje.js, line 86: Failed to create WebGL context: WebGL creation failed: 
* WebglAllowWindowsNativeGl:false restricts context creation on this system. ()
* Exhausted GL driver options. (FEATURE_FAILURE_WEBGL_EXHAUSTED_DRIVERS)
JavaScript warning: https://static.cdninstagram.com/rsrc.php/v4i1Au4/yo/l/en_US/w7dL-qOYBje.js, line 86: Failed to create WebGL context: WebGL creation failed: 
* WebglAllowWindowsNativeGl:false restricts context creation on this system. ()
* Exhausted GL driver options. (FEATURE_FAILURE_WEBGL_EXHAUSTED_DRIVERS)
JavaScript error: resource:///modules/backup/BackupService.sys.mjs, line 108: NS_ERROR_FAILURE: Component returned failure code: 0x80004005 (NS_ERROR_FAILURE) [nsIProperties.get]
console.warn: LoginRecipes: "Falling back to a synchronous message for: https://www.instagram.com."
JavaScript warning: https://static.cdninstagram.com/rsrc.php/v4i1Au4/yj/l/en_US-j/w7dL-qOYBje.js, line 86: Failed to create WebGL context: WebGL creation failed: 
* WebglAllowWindowsNativeGl:false restricts context creation on this system. ()
* Exhausted GL driver options. (FEATURE_FAILURE_WEBGL_EXHAUSTED_DRIVERS)
JavaScript warning: https://static.cdninstagram.com/rsrc.php/v4i1Au4/yj/l/en_US-j/w7dL-qOYBje.js, line 86: Failed to create WebGL context: WebGL creation failed: 
* WebglAllowWindowsNativeGl:false restricts context creation on this system. ()
* Exhausted GL driver options. (FEATURE_FAILURE_WEBGL_EXHAUSTED_DRIVERS)
1750944155509	geckodriver	INFO	Listening on 127.0.0.1:59899
1750944155525	mozrunner::runner	INFO	Running command: MOZ_CRASHREPORTER="1" MOZ_CRASHREPORTER_NO_REPORT="1" MOZ_CRASHREPORTER_SHUTDOWN="1" "/usr/bin/firefox" "--m ... ss" "--remote-debugging-port" "35391" "--remote-allow-hosts" "localhost" "-no-remote" "-profile" "/tmp/rust_mozprofileD7xQ4K"
*** You are running in headless mode.
console.warn: services.settings: Ignoring preference override of remote settings server
console.warn: services.settings: Allow by setting MOZ_REMOTE_SETTINGS_DEVTOOLS=1 in the environment
[GFX1-]: glxtest: Unable to open a connection to the X server
[GFX1-]: No GPUs detected via PCI

1750944156708	Marionette	INFO	Marionette enabled
1750944157217	Marionette	INFO	Listening on port 35583
Read port: 35583
WebDriver BiDi listening on ws://127.0.0.1:35391
1750944157467	RemoteAgent	WARN	TLS certificate errors will be ignored for this session
[GFX1-]: RenderCompositorSWGL failed mapping default framebuffer, no dt
console.error: (new TypeError("can't access property \"find\", this._searchProviderInfo is null", "moz-src:///browser/components/search/SearchSERPTelemetry.sys.mjs", 978))
console.error: CustomizableUI: 
  Could not localize property 'fxms-bmb-button.tooltiptext'.
JavaScript warning: https://static.cdninstagram.com/rsrc.php/v4i1Au4/yo/l/en_US/w7dL-qOYBje.js, line 43: Failed to create WebGL context: WebGL creation failed: 
* WebglAllowWindowsNativeGl:false restricts context creation on this system. ()
* Exhausted GL driver options. (FEATURE_FAILURE_WEBGL_EXHAUSTED_DRIVERS)
JavaScript warning: https://static.cdninstagram.com/rsrc.php/v4i1Au4/yo/l/en_US/w7dL-qOYBje.js, line 43: Failed to create WebGL context: WebGL creation failed: 
* WebglAllowWindowsNativeGl:false restricts context creation on this system. ()
* Exhausted GL driver options. (FEATURE_FAILURE_WEBGL_EXHAUSTED_DRIVERS)
JavaScript error: resource:///modules/backup/BackupService.sys.mjs, line 108: NS_ERROR_FAILURE: Component returned failure code: 0x80004005 (NS_ERROR_FAILURE) [nsIProperties.get]
JavaScript warning: https://static.cdninstagram.com/rsrc.php/v4i1Au4/yo/l/en_US/w7dL-qOYBje.js, line 86: Failed to create WebGL context: WebGL creation failed: 
* WebglAllowWindowsNativeGl:false restricts context creation on this system. ()
* Exhausted GL driver options. (FEATURE_FAILURE_WEBGL_EXHAUSTED_DRIVERS)
JavaScript warning: https://static.cdninstagram.com/rsrc.php/v4i1Au4/yo/l/en_US/w7dL-qOYBje.js, line 86: Failed to create WebGL context: WebGL creation failed: 
* WebglAllowWindowsNativeGl:false restricts context creation on this system. ()
* Exhausted GL driver options. (FEATURE_FAILURE_WEBGL_EXHAUSTED_DRIVERS)
console.warn: LoginRecipes: "Falling back to a synchronous message for: https://www.instagram.com."
JavaScript warning: https://static.cdninstagram.com/rsrc.php/v4i1Au4/yj/l/en_US-j/w7dL-qOYBje.js, line 86: Failed to create WebGL context: WebGL creation failed: 
* WebglAllowWindowsNativeGl:false restricts context creation on this system. ()
* Exhausted GL driver options. (FEATURE_FAILURE_WEBGL_EXHAUSTED_DRIVERS)
JavaScript warning: https://static.cdninstagram.com/rsrc.php/v4i1Au4/yj/l/en_US-j/w7dL-qOYBje.js, line 86: Failed to create WebGL context: WebGL creation failed: 
* WebglAllowWindowsNativeGl:false restricts context creation on this system. ()
* Exhausted GL driver options. (FEATURE_FAILURE_WEBGL_EXHAUSTED_DRIVERS)
1750944212282	geckodriver	INFO	Listening on 127.0.0.1:53331
1750944212760	mozrunner::runner	INFO	Running command: MOZ_CRASHREPORTER="1" MOZ_CRASHREPORTER_NO_REPORT="1" MOZ_CRASHREPORTER_SHUTDOWN="1" "/usr/bin/firefox" "--m ... ss" "--remote-debugging-port" "58615" "--remote-allow-hosts" "localhost" "-no-remote" "-profile" "/tmp/rust_mozprofilefZ5i4w"
*** You are running in headless mode.
console.warn: services.settings: Ignoring preference override of remote settings server
console.warn: services.settings: Allow by setting MOZ_REMOTE_SETTINGS_DEVTOOLS=1 in the environment
[GFX1-]: glxtest: Unable to open a connection to the X server
[GFX1-]: No GPUs detected via PCI

1750944215806	Marionette	INFO	Marionette enabled
1750944217473	Marionette	INFO	Listening on port 44199
WebDriver BiDi listening on ws://127.0.0.1:58615
Read port: 44199
1750944218222	RemoteAgent	WARN	TLS certificate errors will be ignored for this session
[GFX1-]: RenderCompositorSWGL failed mapping default framebuffer, no dt
Exiting due to channel error.
Exiting due to channel error.
Exiting due to channel error.
Exiting due to channel error.
Exiting due to channel error.
Exiting due to channel error.
Exiting due to channel error.
Exiting due to channel error.
Exiting due to channel error.
Exiting due to channel error.
Exiting due to channel error.
Exiting due to channel error.
Exiting due to channel error.
Exiting due to channel error.
Exiting due to channel error.
Exiting due to channel error.
Exiting due to channel error.
Exiting due to channel error.
Exiting due to channel error.
Exiting due to channel error.
1750944583398	geckodriver	INFO	Listening on 127.0.0.1:45975
1750944583927	mozrunner::runner	INFO	Running command: MOZ_CRASHREPORTER="1" MOZ_CRASHREPORTER_NO_REPORT="1" MOZ_CRASHREPORTER_SHUTDOWN="1" "/usr/bin/firefox" "--m ... ss" "--remote-debugging-port" "37331" "--remote-allow-hosts" "localhost" "-no-remote" "-profile" "/tmp/rust_mozprofileqIUxRU"
*** You are running in headless mode.
console.warn: services.settings: Ignoring preference override of remote settings server
console.warn: services.settings: Allow by setting MOZ_REMOTE_SETTINGS_DEVTOOLS=1 in the environment
[GFX1-]: glxtest: Unable to open a connection to the X server
[GFX1-]: No GPUs detected via PCI

1750944586319	Marionette	INFO	Marionette enabled
1750944587054	Marionette	INFO	Listening on port 34313
WebDriver BiDi listening on ws://127.0.0.1:37331
Read port: 34313
1750944587375	RemoteAgent	WARN	TLS certificate errors will be ignored for this session
[GFX1-]: RenderCompositorSWGL failed mapping default framebuffer, no dt
console.error: CustomizableUI: 
  Could not localize property 'fxms-bmb-button.tooltiptext'.
Exiting due to channel error.
Exiting due to channel error.
Exiting due to channel error.
Exiting due to channel error.
Exiting due to channel error.
1750944677629	geckodriver	INFO	Listening on 127.0.0.1:55475
1750944677640	mozrunner::runner	INFO	Running command: MOZ_CRASHREPORTER="1" MOZ_CRASHREPORTER_NO_REPORT="1" MOZ_CRASHREPORTER_SHUTDOWN="1" "/usr/bin/firefox" "--m ... ss" "--remote-debugging-port" "49799" "--remote-allow-hosts" "localhost" "-no-remote" "-profile" "/tmp/rust_mozprofileHMTP35"
*** You are running in headless mode.
console.warn: services.settings: Ignoring preference override of remote settings server
console.warn: services.settings: Allow by setting MOZ_REMOTE_SETTINGS_DEVTOOLS=1 in the environment
[GFX1-]: glxtest: Unable to open a connection to the X server
[GFX1-]: No GPUs detected via PCI

1750944678534	Marionette	INFO	Marionette enabled
1750944679031	Marionette	INFO	Listening on port 34541
Read port: 34541
WebDriver BiDi listening on ws://127.0.0.1:49799
1750944679253	RemoteAgent	WARN	TLS certificate errors will be ignored for this session
[GFX1-]: RenderCompositorSWGL failed mapping default framebuffer, no dt
console.error: CustomizableUI: 
  Could not localize property 'fxms-bmb-button.tooltiptext'.
JavaScript warning: https://static.cdninstagram.com/rsrc.php/v4i1Au4/yo/l/en_US/w7dL-qOYBje.js, line 43: Failed to create WebGL context: WebGL creation failed: 
* WebglAllowWindowsNativeGl:false restricts context creation on this system. ()
* Exhausted GL driver options. (FEATURE_FAILURE_WEBGL_EXHAUSTED_DRIVERS)
JavaScript warning: https://static.cdninstagram.com/rsrc.php/v4i1Au4/yo/l/en_US/w7dL-qOYBje.js, line 43: Failed to create WebGL context: WebGL creation failed: 
* WebglAllowWindowsNativeGl:false restricts context creation on this system. ()
* Exhausted GL driver options. (FEATURE_FAILURE_WEBGL_EXHAUSTED_DRIVERS)
JavaScript warning: https://static.cdninstagram.com/rsrc.php/v4i1Au4/yo/l/en_US/w7dL-qOYBje.js, line 86: Failed to create WebGL context: WebGL creation failed: 
* WebglAllowWindowsNativeGl:false restricts context creation on this system. ()
* Exhausted GL driver options. (FEATURE_FAILURE_WEBGL_EXHAUSTED_DRIVERS)
JavaScript warning: https://static.cdninstagram.com/rsrc.php/v4i1Au4/yo/l/en_US/w7dL-qOYBje.js, line 86: Failed to create WebGL context: WebGL creation failed: 
* WebglAllowWindowsNativeGl:false restricts context creation on this system. ()
* Exhausted GL driver options. (FEATURE_FAILURE_WEBGL_EXHAUSTED_DRIVERS)
JavaScript error: resource:///modules/backup/BackupService.sys.mjs, line 108: NS_ERROR_FAILURE: Component returned failure code: 0x80004005 (NS_ERROR_FAILURE) [nsIProperties.get]
console.warn: LoginRecipes: "Falling back to a synchronous message for: https://www.instagram.com."
JavaScript warning: https://static.cdninstagram.com/rsrc.php/v4i1Au4/yj/l/en_US-j/w7dL-qOYBje.js, line 86: Failed to create WebGL context: WebGL creation failed: 
* WebglAllowWindowsNativeGl:false restricts context creation on this system. ()
* Exhausted GL driver options. (FEATURE_FAILURE_WEBGL_EXHAUSTED_DRIVERS)
JavaScript warning: https://static.cdninstagram.com/rsrc.php/v4i1Au4/yj/l/en_US-j/w7dL-qOYBje.js, line 86: Failed to create WebGL context: WebGL creation failed: 
* WebglAllowWindowsNativeGl:false restricts context creation on this system. ()
* Exhausted GL driver options. (FEATURE_FAILURE_WEBGL_EXHAUSTED_DRIVERS)
1750944765773	geckodriver	INFO	Listening on 127.0.0.1:44685
1750944765784	mozrunner::runner	INFO	Running command: MOZ_CRASHREPORTER="1" MOZ_CRASHREPORTER_NO_REPORT="1" MOZ_CRASHREPORTER_SHUTDOWN="1" "/usr/bin/firefox" "--m ... ss" "--remote-debugging-port" "44813" "--remote-allow-hosts" "localhost" "-no-remote" "-profile" "/tmp/rust_mozprofile6ZnpZy"
*** You are running in headless mode.
console.warn: services.settings: Ignoring preference override of remote settings server
console.warn: services.settings: Allow by setting MOZ_REMOTE_SETTINGS_DEVTOOLS=1 in the environment
[GFX1-]: glxtest: Unable to open a connection to the X server
[GFX1-]: No GPUs detected via PCI

1750944766693	Marionette	INFO	Marionette enabled
1750944767192	Marionette	INFO	Listening on port 37173
WebDriver BiDi listening on ws://127.0.0.1:44813
Read port: 37173
1750944767656	RemoteAgent	WARN	TLS certificate errors will be ignored for this session
[GFX1-]: RenderCompositorSWGL failed mapping default framebuffer, no dt
console.error: CustomizableUI: 
  Could not localize property 'fxms-bmb-button.tooltiptext'.
JavaScript warning: https://static.cdninstagram.com/rsrc.php/v4i1Au4/yo/l/en_US/w7dL-qOYBje.js, line 43: Failed to create WebGL context: WebGL creation failed: 
* WebglAllowWindowsNativeGl:false restricts context creation on this system. ()
* Exhausted GL driver options. (FEATURE_FAILURE_WEBGL_EXHAUSTED_DRIVERS)
JavaScript warning: https://static.cdninstagram.com/rsrc.php/v4i1Au4/yo/l/en_US/w7dL-qOYBje.js, line 43: Failed to create WebGL context: WebGL creation failed: 
* WebglAllowWindowsNativeGl:false restricts context creation on this system. ()
* Exhausted GL driver options. (FEATURE_FAILURE_WEBGL_EXHAUSTED_DRIVERS)
JavaScript warning: https://static.cdninstagram.com/rsrc.php/v4i1Au4/yo/l/en_US/w7dL-qOYBje.js, line 86: Failed to create WebGL context: WebGL creation failed: 
* WebglAllowWindowsNativeGl:false restricts context creation on this system. ()
* Exhausted GL driver options. (FEATURE_FAILURE_WEBGL_EXHAUSTED_DRIVERS)
JavaScript warning: https://static.cdninstagram.com/rsrc.php/v4i1Au4/yo/l/en_US/w7dL-qOYBje.js, line 86: Failed to create WebGL context: WebGL creation failed: 
* WebglAllowWindowsNativeGl:false restricts context creation on this system. ()
* Exhausted GL driver options. (FEATURE_FAILURE_WEBGL_EXHAUSTED_DRIVERS)
JavaScript error: resource:///modules/backup/BackupService.sys.mjs, line 108: NS_ERROR_FAILURE: Component returned failure code: 0x80004005 (NS_ERROR_FAILURE) [nsIProperties.get]
console.warn: LoginRecipes: "Falling back to a synchronous message for: https://www.instagram.com."
JavaScript warning: https://static.cdninstagram.com/rsrc.php/v4i1Au4/yj/l/en_US-j/w7dL-qOYBje.js, line 86: Failed to create WebGL context: WebGL creation failed: 
* WebglAllowWindowsNativeGl:false restricts context creation on this system. ()
* Exhausted GL driver options. (FEATURE_FAILURE_WEBGL_EXHAUSTED_DRIVERS)
JavaScript warning: https://static.cdninstagram.com/rsrc.php/v4i1Au4/yj/l/en_US-j/w7dL-qOYBje.js, line 86: Failed to create WebGL context: WebGL creation failed: 
* WebglAllowWindowsNativeGl:false restricts context creation on this system. ()
* Exhausted GL driver options. (FEATURE_FAILURE_WEBGL_EXHAUSTED_DRIVERS)
1750944920898	geckodriver	INFO	Listening on 127.0.0.1:46881
1750944920910	mozrunner::runner	INFO	Running command: MOZ_CRASHREPORTER="1" MOZ_CRASHREPORTER_NO_REPORT="1" MOZ_CRASHREPORTER_SHUTDOWN="1" "/usr/bin/firefox" "--m ... ss" "--remote-debugging-port" "50287" "--remote-allow-hosts" "localhost" "-no-remote" "-profile" "/tmp/rust_mozprofileLpmccM"
*** You are running in headless mode.
console.warn: services.settings: Ignoring preference override of remote settings server
console.warn: services.settings: Allow by setting MOZ_REMOTE_SETTINGS_DEVTOOLS=1 in the environment
[GFX1-]: glxtest: Unable to open a connection to the X server
[GFX1-]: No GPUs detected via PCI

1750944921930	Marionette	INFO	Marionette enabled
1750944922493	Marionette	INFO	Listening on port 43643
Read port: 43643
WebDriver BiDi listening on ws://127.0.0.1:50287
1750944922741	RemoteAgent	WARN	TLS certificate errors will be ignored for this session
[GFX1-]: RenderCompositorSWGL failed mapping default framebuffer, no dt
console.error: CustomizableUI: 
  Could not localize property 'fxms-bmb-button.tooltiptext'.
JavaScript warning: https://static.cdninstagram.com/rsrc.php/v4i1Au4/yo/l/en_US/w7dL-qOYBje.js, line 43: Failed to create WebGL context: WebGL creation failed: 
* WebglAllowWindowsNativeGl:false restricts context creation on this system. ()
* Exhausted GL driver options. (FEATURE_FAILURE_WEBGL_EXHAUSTED_DRIVERS)
JavaScript warning: https://static.cdninstagram.com/rsrc.php/v4i1Au4/yo/l/en_US/w7dL-qOYBje.js, line 43: Failed to create WebGL context: WebGL creation failed: 
* WebglAllowWindowsNativeGl:false restricts context creation on this system. ()
* Exhausted GL driver options. (FEATURE_FAILURE_WEBGL_EXHAUSTED_DRIVERS)
JavaScript warning: https://static.cdninstagram.com/rsrc.php/v4i1Au4/yo/l/en_US/w7dL-qOYBje.js, line 86: Failed to create WebGL context: WebGL creation failed: 
* WebglAllowWindowsNativeGl:false restricts context creation on this system. ()
* Exhausted GL driver options. (FEATURE_FAILURE_WEBGL_EXHAUSTED_DRIVERS)
JavaScript warning: https://static.cdninstagram.com/rsrc.php/v4i1Au4/yo/l/en_US/w7dL-qOYBje.js, line 86: Failed to create WebGL context: WebGL creation failed: 
* WebglAllowWindowsNativeGl:false restricts context creation on this system. ()
* Exhausted GL driver options. (FEATURE_FAILURE_WEBGL_EXHAUSTED_DRIVERS)
JavaScript error: resource:///modules/backup/BackupService.sys.mjs, line 108: NS_ERROR_FAILURE: Component returned failure code: 0x80004005 (NS_ERROR_FAILURE) [nsIProperties.get]
console.warn: LoginRecipes: "Falling back to a synchronous message for: https://www.instagram.com."
JavaScript warning: https://static.cdninstagram.com/rsrc.php/v4i1Au4/yj/l/en_US-j/w7dL-qOYBje.js, line 86: Failed to create WebGL context: WebGL creation failed: 
* WebglAllowWindowsNativeGl:false restricts context creation on this system. ()
* Exhausted GL driver options. (FEATURE_FAILURE_WEBGL_EXHAUSTED_DRIVERS)
JavaScript warning: https://static.cdninstagram.com/rsrc.php/v4i1Au4/yj/l/en_US-j/w7dL-qOYBje.js, line 86: Failed to create WebGL context: WebGL creation failed: 
* WebglAllowWindowsNativeGl:false restricts context creation on this system. ()
* Exhausted GL driver options. (FEATURE_FAILURE_WEBGL_EXHAUSTED_DRIVERS)
JavaScript warning: https://static.cdninstagram.com/rsrc.php/v4/yH/r/PEnPZWJcB_Y.js, line 32: Failed to create WebGL context: WebGL creation failed: 
* WebglAllowWindowsNativeGl:false restricts context creation on this system. ()
* Exhausted GL driver options. (FEATURE_FAILURE_WEBGL_EXHAUSTED_DRIVERS)
JavaScript warning: https://static.cdninstagram.com/rsrc.php/v4/yH/r/PEnPZWJcB_Y.js, line 32: Failed to create WebGL context: WebGL creation failed: 
* WebglAllowWindowsNativeGl:false restricts context creation on this system. ()
* Exhausted GL driver options. (FEATURE_FAILURE_WEBGL_EXHAUSTED_DRIVERS)
1750944976455	geckodriver	INFO	Listening on 127.0.0.1:34101
1750944976980	mozrunner::runner	INFO	Running command: MOZ_CRASHREPORTER="1" MOZ_CRASHREPORTER_NO_REPORT="1" MOZ_CRASHREPORTER_SHUTDOWN="1" "/usr/bin/firefox" "--m ... ss" "--remote-debugging-port" "60669" "--remote-allow-hosts" "localhost" "-no-remote" "-profile" "/tmp/rust_mozprofileNTGJC0"
*** You are running in headless mode.
console.warn: services.settings: Ignoring preference override of remote settings server
console.warn: services.settings: Allow by setting MOZ_REMOTE_SETTINGS_DEVTOOLS=1 in the environment
[GFX1-]: glxtest: Unable to open a connection to the X server
[GFX1-]: No GPUs detected via PCI

1750944983589	Marionette	INFO	Marionette enabled
1750944985972	Marionette	INFO	Listening on port 38013
Read port: 38013
WebDriver BiDi listening on ws://127.0.0.1:60669
1750944987192	RemoteAgent	WARN	TLS certificate errors will be ignored for this session
[GFX1-]: RenderCompositorSWGL failed mapping default framebuffer, no dt
Exiting due to channel error.
Exiting due to channel error.
1750945230513	geckodriver	INFO	Listening on 127.0.0.1:39665
1750945230991	mozrunner::runner	INFO	Running command: MOZ_CRASHREPORTER="1" MOZ_CRASHREPORTER_NO_REPORT="1" MOZ_CRASHREPORTER_SHUTDOWN="1" "/usr/bin/firefox" "--m ... ss" "--remote-debugging-port" "41791" "--remote-allow-hosts" "localhost" "-no-remote" "-profile" "/tmp/rust_mozprofileZoz3hV"
*** You are running in headless mode.
console.warn: services.settings: Ignoring preference override of remote settings server
console.warn: services.settings: Allow by setting MOZ_REMOTE_SETTINGS_DEVTOOLS=1 in the environment
[GFX1-]: glxtest: Unable to open a connection to the X server
[GFX1-]: No GPUs detected via PCI

1750945233994	Marionette	INFO	Marionette enabled
1750945234831	Marionette	INFO	Listening on port 46503
WebDriver BiDi listening on ws://127.0.0.1:41791
Read port: 46503
1750945235210	RemoteAgent	WARN	TLS certificate errors will be ignored for this session
[GFX1-]: RenderCompositorSWGL failed mapping default framebuffer, no dt
JavaScript error: resource:///modules/backup/BackupService.sys.mjs, line 108: NS_ERROR_FAILURE: Component returned failure code: 0x80004005 (NS_ERROR_FAILURE) [nsIProperties.get]
Exiting due to channel error.
Exiting due to channel error.
1750945409825	geckodriver	INFO	Listening on 127.0.0.1:54563
1750945410303	mozrunner::runner	INFO	Running command: MOZ_CRASHREPORTER="1" MOZ_CRASHREPORTER_NO_REPORT="1" MOZ_CRASHREPORTER_SHUTDOWN="1" "/usr/bin/firefox" "--m ... ss" "--remote-debugging-port" "47443" "--remote-allow-hosts" "localhost" "-no-remote" "-profile" "/tmp/rust_mozprofileLwBRFt"
*** You are running in headless mode.
console.warn: services.settings: Ignoring preference override of remote settings server
console.warn: services.settings: Allow by setting MOZ_REMOTE_SETTINGS_DEVTOOLS=1 in the environment
[GFX1-]: glxtest: Unable to open a connection to the X server
[GFX1-]: No GPUs detected via PCI

1750945413714	Marionette	INFO	Marionette enabled
1750945414489	Marionette	INFO	Listening on port 36961
WebDriver BiDi listening on ws://127.0.0.1:47443
Read port: 36961
1750945414852	RemoteAgent	WARN	TLS certificate errors will be ignored for this session
[GFX1-]: RenderCompositorSWGL failed mapping default framebuffer, no dt
console.error: CustomizableUI: 
  Could not localize property 'fxms-bmb-button.tooltiptext'.
JavaScript warning: https://static.cdninstagram.com/rsrc.php/v4i1Au4/yo/l/en_US/w7dL-qOYBje.js, line 43: Failed to create WebGL context: WebGL creation failed: 
* WebglAllowWindowsNativeGl:false restricts context creation on this system. ()
* Exhausted GL driver options. (FEATURE_FAILURE_WEBGL_EXHAUSTED_DRIVERS)
JavaScript warning: https://static.cdninstagram.com/rsrc.php/v4i1Au4/yo/l/en_US/w7dL-qOYBje.js, line 43: Failed to create WebGL context: WebGL creation failed: 
* WebglAllowWindowsNativeGl:false restricts context creation on this system. ()
* Exhausted GL driver options. (FEATURE_FAILURE_WEBGL_EXHAUSTED_DRIVERS)
JavaScript warning: https://static.cdninstagram.com/rsrc.php/v4i1Au4/yo/l/en_US/w7dL-qOYBje.js, line 86: Failed to create WebGL context: WebGL creation failed: 
* WebglAllowWindowsNativeGl:false restricts context creation on this system. ()
* Exhausted GL driver options. (FEATURE_FAILURE_WEBGL_EXHAUSTED_DRIVERS)
JavaScript warning: https://static.cdninstagram.com/rsrc.php/v4i1Au4/yo/l/en_US/w7dL-qOYBje.js, line 86: Failed to create WebGL context: WebGL creation failed: 
* WebglAllowWindowsNativeGl:false restricts context creation on this system. ()
* Exhausted GL driver options. (FEATURE_FAILURE_WEBGL_EXHAUSTED_DRIVERS)
console.warn: LoginRecipes: "Falling back to a synchronous message for: https://www.instagram.com."
JavaScript error: resource:///modules/backup/BackupService.sys.mjs, line 108: NS_ERROR_FAILURE: Component returned failure code: 0x80004005 (NS_ERROR_FAILURE) [nsIProperties.get]
JavaScript warning: https://static.cdninstagram.com/rsrc.php/v4/yH/r/PEnPZWJcB_Y.js, line 32: Failed to create WebGL context: WebGL creation failed: 
* WebglAllowWindowsNativeGl:false restricts context creation on this system. ()
* Exhausted GL driver options. (FEATURE_FAILURE_WEBGL_EXHAUSTED_DRIVERS)
JavaScript warning: https://static.cdninstagram.com/rsrc.php/v4/yH/r/PEnPZWJcB_Y.js, line 32: Failed to create WebGL context: WebGL creation failed: 
* WebglAllowWindowsNativeGl:false restricts context creation on this system. ()
* Exhausted GL driver options. (FEATURE_FAILURE_WEBGL_EXHAUSTED_DRIVERS)
JavaScript warning: https://static.cdninstagram.com/rsrc.php/v4i1Au4/yj/l/en_US-j/w7dL-qOYBje.js, line 86: Failed to create WebGL context: WebGL creation failed: 
* WebglAllowWindowsNativeGl:false restricts context creation on this system. ()
* Exhausted GL driver options. (FEATURE_FAILURE_WEBGL_EXHAUSTED_DRIVERS)
JavaScript warning: https://static.cdninstagram.com/rsrc.php/v4i1Au4/yj/l/en_US-j/w7dL-qOYBje.js, line 86: Failed to create WebGL context: WebGL creation failed: 
* WebglAllowWindowsNativeGl:false restricts context creation on this system. ()
* Exhausted GL driver options. (FEATURE_FAILURE_WEBGL_EXHAUSTED_DRIVERS)
1750945511119	geckodriver	INFO	Listening on 127.0.0.1:43119
1750945511131	mozrunner::runner	INFO	Running command: MOZ_CRASHREPORTER="1" MOZ_CRASHREPORTER_NO_REPORT="1" MOZ_CRASHREPORTER_SHUTDOWN="1" "/usr/bin/firefox" "--m ... ss" "--remote-debugging-port" "36617" "--remote-allow-hosts" "localhost" "-no-remote" "-profile" "/tmp/rust_mozprofilebuKKTu"
*** You are running in headless mode.
console.warn: services.settings: Ignoring preference override of remote settings server
console.warn: services.settings: Allow by setting MOZ_REMOTE_SETTINGS_DEVTOOLS=1 in the environment
[GFX1-]: glxtest: Unable to open a connection to the X server
[GFX1-]: No GPUs detected via PCI

1750945512105	Marionette	INFO	Marionette enabled
1750945512625	Marionette	INFO	Listening on port 34237
Read port: 34237
WebDriver BiDi listening on ws://127.0.0.1:36617
1750945512858	RemoteAgent	WARN	TLS certificate errors will be ignored for this session
[GFX1-]: RenderCompositorSWGL failed mapping default framebuffer, no dt
console.error: CustomizableUI: 
  Could not localize property 'fxms-bmb-button.tooltiptext'.
JavaScript warning: https://static.cdninstagram.com/rsrc.php/v4i1Au4/yo/l/en_US/w7dL-qOYBje.js, line 43: Failed to create WebGL context: WebGL creation failed: 
* WebglAllowWindowsNativeGl:false restricts context creation on this system. ()
* Exhausted GL driver options. (FEATURE_FAILURE_WEBGL_EXHAUSTED_DRIVERS)
JavaScript warning: https://static.cdninstagram.com/rsrc.php/v4i1Au4/yo/l/en_US/w7dL-qOYBje.js, line 43: Failed to create WebGL context: WebGL creation failed: 
* WebglAllowWindowsNativeGl:false restricts context creation on this system. ()
* Exhausted GL driver options. (FEATURE_FAILURE_WEBGL_EXHAUSTED_DRIVERS)
JavaScript warning: https://static.cdninstagram.com/rsrc.php/v4i1Au4/yo/l/en_US/w7dL-qOYBje.js, line 86: Failed to create WebGL context: WebGL creation failed: 
* WebglAllowWindowsNativeGl:false restricts context creation on this system. ()
* Exhausted GL driver options. (FEATURE_FAILURE_WEBGL_EXHAUSTED_DRIVERS)
JavaScript warning: https://static.cdninstagram.com/rsrc.php/v4i1Au4/yo/l/en_US/w7dL-qOYBje.js, line 86: Failed to create WebGL context: WebGL creation failed: 
* WebglAllowWindowsNativeGl:false restricts context creation on this system. ()
* Exhausted GL driver options. (FEATURE_FAILURE_WEBGL_EXHAUSTED_DRIVERS)
JavaScript error: resource:///modules/backup/BackupService.sys.mjs, line 108: NS_ERROR_FAILURE: Component returned failure code: 0x80004005 (NS_ERROR_FAILURE) [nsIProperties.get]
console.warn: LoginRecipes: "Falling back to a synchronous message for: https://www.instagram.com."
JavaScript warning: https://static.cdninstagram.com/rsrc.php/v4i1Au4/yj/l/en_US-j/w7dL-qOYBje.js, line 86: Failed to create WebGL context: WebGL creation failed: 
* WebglAllowWindowsNativeGl:false restricts context creation on this system. ()
* Exhausted GL driver options. (FEATURE_FAILURE_WEBGL_EXHAUSTED_DRIVERS)
JavaScript warning: https://static.cdninstagram.com/rsrc.php/v4i1Au4/yj/l/en_US-j/w7dL-qOYBje.js, line 86: Failed to create WebGL context: WebGL creation failed: 
* WebglAllowWindowsNativeGl:false restricts context creation on this system. ()
* Exhausted GL driver options. (FEATURE_FAILURE_WEBGL_EXHAUSTED_DRIVERS)
JavaScript warning: https://static.cdninstagram.com/rsrc.php/v4/yH/r/PEnPZWJcB_Y.js, line 32: Failed to create WebGL context: WebGL creation failed: 
* WebglAllowWindowsNativeGl:false restricts context creation on this system. ()
* Exhausted GL driver options. (FEATURE_FAILURE_WEBGL_EXHAUSTED_DRIVERS)
JavaScript warning: https://static.cdninstagram.com/rsrc.php/v4/yH/r/PEnPZWJcB_Y.js, line 32: Failed to create WebGL context: WebGL creation failed: 
* WebglAllowWindowsNativeGl:false restricts context creation on this system. ()
* Exhausted GL driver options. (FEATURE_FAILURE_WEBGL_EXHAUSTED_DRIVERS)
1750945564477	geckodriver	INFO	Listening on 127.0.0.1:44581
1750945564501	mozrunner::runner	INFO	Running command: MOZ_CRASHREPORTER="1" MOZ_CRASHREPORTER_NO_REPORT="1" MOZ_CRASHREPORTER_SHUTDOWN="1" "/usr/bin/firefox" "--m ... ss" "--remote-debugging-port" "40343" "--remote-allow-hosts" "localhost" "-no-remote" "-profile" "/tmp/rust_mozprofileQ2eSHB"
*** You are running in headless mode.
console.warn: services.settings: Ignoring preference override of remote settings server
console.warn: services.settings: Allow by setting MOZ_REMOTE_SETTINGS_DEVTOOLS=1 in the environment
[GFX1-]: glxtest: Unable to open a connection to the X server
[GFX1-]: No GPUs detected via PCI

1750945566038	Marionette	INFO	Marionette enabled
1750945566555	Marionette	INFO	Listening on port 33993
WebDriver BiDi listening on ws://127.0.0.1:40343
Read port: 33993
1750945566864	RemoteAgent	WARN	TLS certificate errors will be ignored for this session
[GFX1-]: RenderCompositorSWGL failed mapping default framebuffer, no dt
console.error: CustomizableUI: 
  Could not localize property 'fxms-bmb-button.tooltiptext'.
JavaScript warning: https://static.cdninstagram.com/rsrc.php/v4i1Au4/yo/l/en_US/w7dL-qOYBje.js, line 43: Failed to create WebGL context: WebGL creation failed: 
* WebglAllowWindowsNativeGl:false restricts context creation on this system. ()
* Exhausted GL driver options. (FEATURE_FAILURE_WEBGL_EXHAUSTED_DRIVERS)
JavaScript warning: https://static.cdninstagram.com/rsrc.php/v4i1Au4/yo/l/en_US/w7dL-qOYBje.js, line 43: Failed to create WebGL context: WebGL creation failed: 
* WebglAllowWindowsNativeGl:false restricts context creation on this system. ()
* Exhausted GL driver options. (FEATURE_FAILURE_WEBGL_EXHAUSTED_DRIVERS)
JavaScript error: resource:///modules/backup/BackupService.sys.mjs, line 108: NS_ERROR_FAILURE: Component returned failure code: 0x80004005 (NS_ERROR_FAILURE) [nsIProperties.get]
JavaScript warning: https://static.cdninstagram.com/rsrc.php/v4i1Au4/yo/l/en_US/w7dL-qOYBje.js, line 86: Failed to create WebGL context: WebGL creation failed: 
* WebglAllowWindowsNativeGl:false restricts context creation on this system. ()
* Exhausted GL driver options. (FEATURE_FAILURE_WEBGL_EXHAUSTED_DRIVERS)
JavaScript warning: https://static.cdninstagram.com/rsrc.php/v4i1Au4/yo/l/en_US/w7dL-qOYBje.js, line 86: Failed to create WebGL context: WebGL creation failed: 
* WebglAllowWindowsNativeGl:false restricts context creation on this system. ()
* Exhausted GL driver options. (FEATURE_FAILURE_WEBGL_EXHAUSTED_DRIVERS)
console.warn: LoginRecipes: "Falling back to a synchronous message for: https://www.instagram.com."
JavaScript warning: https://static.cdninstagram.com/rsrc.php/v4i1Au4/yj/l/en_US-j/w7dL-qOYBje.js, line 86: Failed to create WebGL context: WebGL creation failed: 
* WebglAllowWindowsNativeGl:false restricts context creation on this system. ()
* Exhausted GL driver options. (FEATURE_FAILURE_WEBGL_EXHAUSTED_DRIVERS)
JavaScript warning: https://static.cdninstagram.com/rsrc.php/v4i1Au4/yj/l/en_US-j/w7dL-qOYBje.js, line 86: Failed to create WebGL context: WebGL creation failed: 
* WebglAllowWindowsNativeGl:false restricts context creation on this system. ()
* Exhausted GL driver options. (FEATURE_FAILURE_WEBGL_EXHAUSTED_DRIVERS)
JavaScript warning: https://static.cdninstagram.com/rsrc.php/v4/yH/r/PEnPZWJcB_Y.js, line 32: Failed to create WebGL context: WebGL creation failed: 
* WebglAllowWindowsNativeGl:false restricts context creation on this system. ()
* Exhausted GL driver options. (FEATURE_FAILURE_WEBGL_EXHAUSTED_DRIVERS)
JavaScript warning: https://static.cdninstagram.com/rsrc.php/v4/yH/r/PEnPZWJcB_Y.js, line 32: Failed to create WebGL context: WebGL creation failed: 
* WebglAllowWindowsNativeGl:false restricts context creation on this system. ()
* Exhausted GL driver options. (FEATURE_FAILURE_WEBGL_EXHAUSTED_DRIVERS)
1750945747367	geckodriver	INFO	Listening on 127.0.0.1:40289
1750945747884	mozrunner::runner	INFO	Running command: MOZ_CRASHREPORTER="1" MOZ_CRASHREPORTER_NO_REPORT="1" MOZ_CRASHREPORTER_SHUTDOWN="1" "/usr/bin/firefox" "--m ... ss" "--remote-debugging-port" "33449" "--remote-allow-hosts" "localhost" "-no-remote" "-profile" "/tmp/rust_mozprofileYk1loY"
*** You are running in headless mode.
console.warn: services.settings: Ignoring preference override of remote settings server
console.warn: services.settings: Allow by setting MOZ_REMOTE_SETTINGS_DEVTOOLS=1 in the environment
[GFX1-]: glxtest: Unable to open a connection to the X server
[GFX1-]: No GPUs detected via PCI

1750945751704	Marionette	INFO	Marionette enabled
1750945752585	Marionette	INFO	Listening on port 33885
Read port: 33885
WebDriver BiDi listening on ws://127.0.0.1:33449
1750945752922	RemoteAgent	WARN	TLS certificate errors will be ignored for this session
[GFX1-]: RenderCompositorSWGL failed mapping default framebuffer, no dt
console.error: CustomizableUI: 
  Could not localize property 'fxms-bmb-button.tooltiptext'.
[Parent 4393, IPC I/O Parent] WARNING: process 4749 exited on signal 15: file /builds/worker/checkouts/gecko/ipc/chromium/src/chrome/common/process_watcher_posix_sigchld.cc:134
[Parent 4393, IPC I/O Parent] WARNING: process 4755 exited on signal 15: file /builds/worker/checkouts/gecko/ipc/chromium/src/chrome/common/process_watcher_posix_sigchld.cc:134
[Parent 4393, IPC I/O Parent] WARNING: process 4761 exited on signal 15: file /builds/worker/checkouts/gecko/ipc/chromium/src/chrome/common/process_watcher_posix_sigchld.cc:134
A content process crashed and MOZ_CRASHREPORTER_SHUTDOWN is set, shutting down
A content process crashed and MOZ_CRASHREPORTER_SHUTDOWN is set, shutting down
A content process crashed and MOZ_CRASHREPORTER_SHUTDOWN is set, shutting down
JavaScript error: chrome://global/content/elements/browser-custom-element.mjs, line 1751: Error: permitUnload is already running for this tab.
Exiting due to channel error.
Exiting due to channel error.
1750945831419	geckodriver	INFO	Listening on 127.0.0.1:44577
1750945831913	mozrunner::runner	INFO	Running command: MOZ_CRASHREPORTER="1" MOZ_CRASHREPORTER_NO_REPORT="1" MOZ_CRASHREPORTER_SHUTDOWN="1" "/usr/bin/firefox" "--m ... ss" "--remote-debugging-port" "48699" "--remote-allow-hosts" "localhost" "-no-remote" "-profile" "/tmp/rust_mozprofileHw8DtK"
*** You are running in headless mode.
console.warn: services.settings: Ignoring preference override of remote settings server
console.warn: services.settings: Allow by setting MOZ_REMOTE_SETTINGS_DEVTOOLS=1 in the environment
[GFX1-]: glxtest: Unable to open a connection to the X server
[GFX1-]: No GPUs detected via PCI

1750945834426	Marionette	INFO	Marionette enabled
1750945835153	Marionette	INFO	Listening on port 39549
WebDriver BiDi listening on ws://127.0.0.1:48699
Read port: 39549
1750945835484	RemoteAgent	WARN	TLS certificate errors will be ignored for this session
[GFX1-]: RenderCompositorSWGL failed mapping default framebuffer, no dt
console.error: CustomizableUI: 
  Could not localize property 'fxms-bmb-button.tooltiptext'.
JavaScript error: resource:///modules/backup/BackupService.sys.mjs, line 108: NS_ERROR_FAILURE: Component returned failure code: 0x80004005 (NS_ERROR_FAILURE) [nsIProperties.get]
